

================================================================
== Vivado HLS Report for 'myproject'
================================================================
* Date:           Sat Jul 15 19:06:30 2023

* Version:        2019.2 (Build 2704478 on Wed Nov 06 22:10:23 MST 2019)
* Project:        myproject_prj
* Solution:       solution1
* Product family: zynquplus
* Target device:  xczu7ev-ffvc1156-2-e


================================================================
== Performance Estimates
================================================================
+ Timing: 
    * Summary: 
    +--------+---------+----------+------------+
    |  Clock |  Target | Estimated| Uncertainty|
    +--------+---------+----------+------------+
    |ap_clk  | 5.00 ns | 4.976 ns |   0.62 ns  |
    +--------+---------+----------+------------+

+ Latency: 
    * Summary: 
    +---------+---------+-----------+-----------+--------+---------+----------+
    |  Latency (cycles) |   Latency (absolute)  |     Interval     | Pipeline |
    |   min   |   max   |    min    |    max    |   min  |   max   |   Type   |
    +---------+---------+-----------+-----------+--------+---------+----------+
    |  4292127|  4293808| 21.461 ms | 21.469 ms |  553537|  4293749| dataflow |
    +---------+---------+-----------+-----------+--------+---------+----------+

    + Detail: 
        * Instance: 
        +-------------------------------------------------------------------------+------------------------------------------------------------------------+---------+---------+-----------+-----------+--------+---------+----------+
        |                                                                         |                                                                        |  Latency (cycles) |   Latency (absolute)  |     Interval     | Pipeline |
        |                                 Instance                                |                                 Module                                 |   min   |   max   |    min    |    max    |   min  |   max   |   Type   |
        +-------------------------------------------------------------------------+------------------------------------------------------------------------+---------+---------+-----------+-----------+--------+---------+----------+
        |dense_array_ap_fixed_7u_array_ap_fixed_16_6_5_3_0_2u_config18_U0         |dense_array_ap_fixed_7u_array_ap_fixed_16_6_5_3_0_2u_config18_s         |      545|      546|  2.725 us |  2.730 us |     545|      546|   none   |
        |conv_2d_cl_array_ap_fixed_3u_array_ap_fixed_16_6_5_3_0_12u_config2_U0    |conv_2d_cl_array_ap_fixed_3u_array_ap_fixed_16_6_5_3_0_12u_config2_s    |     8193|   237569| 40.965 us |  1.188 ms |    8193|   237569|   none   |
        |softmax_array_array_ap_fixed_16_6_5_3_0_29u_softmax_config32_U0          |softmax_array_array_ap_fixed_16_6_5_3_0_29u_softmax_config32_s          |       70|       70|  0.350 us |  0.350 us |      70|       70|   none   |
        |conv_2d_cl_array_ap_fixed_11u_array_ap_fixed_16_6_5_3_0_7u_config13_U0   |conv_2d_cl_array_ap_fixed_11u_array_ap_fixed_16_6_5_3_0_7u_config13_s   |    25676|   161896|  0.128 ms |  0.809 ms |   25676|   161896|   none   |
        |conv_2d_cl_array_ap_fixed_9u_array_ap_fixed_16_6_5_3_0_11u_config9_U0    |conv_2d_cl_array_ap_fixed_9u_array_ap_fixed_16_6_5_3_0_11u_config9_s    |    98100|   901800|  0.490 ms |  4.509 ms |   98100|   901800|   none   |
        |conv_2d_cl_array_ap_ufixed_12u_array_ap_fixed_16_6_5_3_0_9u_config5_U0   |conv_2d_cl_array_ap_ufixed_12u_array_ap_fixed_16_6_5_3_0_9u_config5_s   |   553536|  4293748|  2.768 ms | 21.469 ms |  553536|  4293748|   none   |
        |dense_array_ap_fixed_13u_array_ap_fixed_16_6_5_3_0_29u_config30_U0       |dense_array_ap_fixed_13u_array_ap_fixed_16_6_5_3_0_29u_config30_s       |      380|      381|  1.900 us |  1.905 us |     380|      381|   none   |
        |pooling2d_cl_array_array_ap_fixed_16_6_5_3_0_11u_config12_U0             |pooling2d_cl_array_array_ap_fixed_16_6_5_3_0_11u_config12_s             |      787|      787|  3.935 us |  3.935 us |     787|      787|   none   |
        |pooling2d_cl_array_ap_ufixed_9u_array_ap_fixed_16_6_5_3_0_9u_config8_U0  |pooling2d_cl_array_ap_ufixed_9u_array_ap_fixed_16_6_5_3_0_9u_config8_s  |     3603|     3603| 18.015 us | 18.015 us |    3603|     3603|   none   |
        |pooling2d_cl_array_array_ap_fixed_16_6_5_3_0_7u_config16_U0              |pooling2d_cl_array_array_ap_fixed_16_6_5_3_0_7u_config16_s              |      147|      147|  0.735 us |  0.735 us |     147|      147|   none   |
        |dense_array_ap_fixed_4u_array_ap_fixed_16_6_5_3_0_13u_config26_U0        |dense_array_ap_fixed_4u_array_ap_fixed_16_6_5_3_0_13u_config26_s        |       54|       55|  0.270 us |  0.275 us |      54|       55|   none   |
        |relu_array_ap_fixed_13u_array_ap_ufixed_6_0_4_0_0_13u_relu_config28_U0   |relu_array_ap_fixed_13u_array_ap_ufixed_6_0_4_0_0_13u_relu_config28_s   |        1|        1|  5.000 ns |  5.000 ns |       1|        1| function |
        |relu_array_ap_fixed_12u_array_ap_ufixed_6_0_4_0_0_12u_relu_config4_U0    |relu_array_ap_fixed_12u_array_ap_ufixed_6_0_4_0_0_12u_relu_config4_s    |     3847|     3847| 19.235 us | 19.235 us |    3847|     3847|   none   |
        |relu_array_ap_fixed_11u_array_ap_ufixed_6_0_4_0_0_11u_relu_config11_U0   |relu_array_ap_fixed_11u_array_ap_ufixed_6_0_4_0_0_11u_relu_config11_s   |      787|      787|  3.935 us |  3.935 us |     787|      787|   none   |
        |relu_array_ap_fixed_9u_array_ap_ufixed_6_0_4_0_0_9u_relu_config7_U0      |relu_array_ap_fixed_9u_array_ap_ufixed_6_0_4_0_0_9u_relu_config7_s      |     3603|     3603| 18.015 us | 18.015 us |    3603|     3603|   none   |
        |relu_array_ap_fixed_7u_array_ap_ufixed_6_0_4_0_0_7u_relu_config15_U0     |relu_array_ap_fixed_7u_array_ap_ufixed_6_0_4_0_0_7u_relu_config15_s     |      147|      147|  0.735 us |  0.735 us |     147|      147|   none   |
        |dense_array_ap_fixed_2u_array_ap_fixed_16_6_5_3_0_4u_config22_U0         |dense_array_ap_fixed_2u_array_ap_fixed_16_6_5_3_0_4u_config22_s         |       10|       11| 50.000 ns | 55.000 ns |      10|       11|   none   |
        |normalize_array_ap_ufixed_13u_array_ap_fixed_16_6_5_3_0_13u_config29_U0  |normalize_array_ap_ufixed_13u_array_ap_fixed_16_6_5_3_0_13u_config29_s  |       13|       13| 65.000 ns | 65.000 ns |      13|       13| function |
        |normalize_array_ap_fixed_29u_array_ap_fixed_8_2_5_3_0_29u_config36_U0    |normalize_array_ap_fixed_29u_array_ap_fixed_8_2_5_3_0_29u_config36_s    |        1|        1|  5.000 ns |  5.000 ns |       2|        2| function |
        |relu_array_ap_fixed_4u_array_ap_ufixed_6_0_4_0_0_4u_relu_config24_U0     |relu_array_ap_fixed_4u_array_ap_ufixed_6_0_4_0_0_4u_relu_config24_s     |        1|        1|  5.000 ns |  5.000 ns |       1|        1| function |
        |normalize_array_ap_ufixed_4u_array_ap_fixed_16_6_5_3_0_4u_config25_U0    |normalize_array_ap_ufixed_4u_array_ap_fixed_16_6_5_3_0_4u_config25_s    |        4|        4| 20.000 ns | 20.000 ns |       4|        4| function |
        |relu_array_ap_fixed_2u_array_ap_ufixed_6_0_4_0_0_2u_relu_config20_U0     |relu_array_ap_fixed_2u_array_ap_ufixed_6_0_4_0_0_2u_relu_config20_s     |        1|        1|  5.000 ns |  5.000 ns |       1|        1| function |
        |normalize_array_ap_fixed_13u_array_ap_fixed_8_2_5_3_0_13u_config35_U0    |normalize_array_ap_fixed_13u_array_ap_fixed_8_2_5_3_0_13u_config35_s    |        1|        1|  5.000 ns |  5.000 ns |       2|        2| function |
        |normalize_array_ap_ufixed_2u_array_ap_fixed_16_6_5_3_0_2u_config21_U0    |normalize_array_ap_ufixed_2u_array_ap_fixed_16_6_5_3_0_2u_config21_s    |        2|        2| 10.000 ns | 10.000 ns |       2|        2| function |
        |linear_array_array_ap_fixed_16_6_5_3_0_29u_linear_config31_U0            |linear_array_array_ap_fixed_16_6_5_3_0_29u_linear_config31_s            |        0|        0|    0 ns   |    0 ns   |       1|        1| function |
        |linear_array_array_ap_fixed_16_6_5_3_0_13u_linear_config27_U0            |linear_array_array_ap_fixed_16_6_5_3_0_13u_linear_config27_s            |        0|        0|    0 ns   |    0 ns   |       1|        1| function |
        |normalize_array_ap_fixed_4u_array_ap_fixed_8_2_5_3_0_4u_config34_U0      |normalize_array_ap_fixed_4u_array_ap_fixed_8_2_5_3_0_4u_config34_s      |        0|        0|    0 ns   |    0 ns   |       1|        1| function |
        |linear_array_array_ap_fixed_16_6_5_3_0_4u_linear_config23_U0             |linear_array_array_ap_fixed_16_6_5_3_0_4u_linear_config23_s             |        0|        0|    0 ns   |    0 ns   |       1|        1| function |
        |normalize_array_ap_fixed_2u_array_ap_fixed_8_2_5_3_0_2u_config33_U0      |normalize_array_ap_fixed_2u_array_ap_fixed_8_2_5_3_0_2u_config33_s      |        0|        0|    0 ns   |    0 ns   |       1|        1| function |
        |linear_array_array_ap_fixed_16_6_5_3_0_2u_linear_config19_U0             |linear_array_array_ap_fixed_16_6_5_3_0_2u_linear_config19_s             |        0|        0|    0 ns   |    0 ns   |       1|        1| function |
        +-------------------------------------------------------------------------+------------------------------------------------------------------------+---------+---------+-----------+-----------+--------+---------+----------+

        * Loop: 
        N/A



================================================================
== Utilization Estimates
================================================================
* Summary: 
+-----------------+---------+-------+--------+--------+-----+
|       Name      | BRAM_18K| DSP48E|   FF   |   LUT  | URAM|
+-----------------+---------+-------+--------+--------+-----+
|DSP              |        -|      -|       -|       -|    -|
|Expression       |        -|      -|       0|       2|    -|
|FIFO             |      287|      -|    9368|   11377|    -|
|Instance         |       11|     11|   42989|   65606|    -|
|Memory           |        -|      -|       -|       -|    -|
|Multiplexer      |        -|      -|       -|       -|    -|
|Register         |        -|      -|       -|       -|    -|
+-----------------+---------+-------+--------+--------+-----+
|Total            |      298|     11|   52357|   76985|    0|
+-----------------+---------+-------+--------+--------+-----+
|Available        |      624|   1728|  460800|  230400|   96|
+-----------------+---------+-------+--------+--------+-----+
|Utilization (%)  |       47|   ~0  |      11|      33|    0|
+-----------------+---------+-------+--------+--------+-----+

+ Detail: 
    * Instance: 
    +-------------------------------------------------------------------------+------------------------------------------------------------------------+---------+-------+-------+-------+-----+
    |                                 Instance                                |                                 Module                                 | BRAM_18K| DSP48E|   FF  |  LUT  | URAM|
    +-------------------------------------------------------------------------+------------------------------------------------------------------------+---------+-------+-------+-------+-----+
    |conv_2d_cl_array_ap_fixed_11u_array_ap_fixed_16_6_5_3_0_7u_config13_U0   |conv_2d_cl_array_ap_fixed_11u_array_ap_fixed_16_6_5_3_0_7u_config13_s   |        2|      1|   4636|   3833|    0|
    |conv_2d_cl_array_ap_fixed_3u_array_ap_fixed_16_6_5_3_0_12u_config2_U0    |conv_2d_cl_array_ap_fixed_3u_array_ap_fixed_16_6_5_3_0_12u_config2_s    |        0|      1|   3388|  11049|    0|
    |conv_2d_cl_array_ap_fixed_9u_array_ap_fixed_16_6_5_3_0_11u_config9_U0    |conv_2d_cl_array_ap_fixed_9u_array_ap_fixed_16_6_5_3_0_11u_config9_s    |        2|      1|   3969|   3684|    0|
    |conv_2d_cl_array_ap_ufixed_12u_array_ap_fixed_16_6_5_3_0_9u_config5_U0   |conv_2d_cl_array_ap_ufixed_12u_array_ap_fixed_16_6_5_3_0_9u_config5_s   |        2|      0|   3151|   4675|    0|
    |dense_array_ap_fixed_13u_array_ap_fixed_16_6_5_3_0_29u_config30_U0       |dense_array_ap_fixed_13u_array_ap_fixed_16_6_5_3_0_29u_config30_s       |        2|      1|   2216|   3073|    0|
    |dense_array_ap_fixed_2u_array_ap_fixed_16_6_5_3_0_4u_config22_U0         |dense_array_ap_fixed_2u_array_ap_fixed_16_6_5_3_0_4u_config22_s         |        0|      1|    340|    786|    0|
    |dense_array_ap_fixed_4u_array_ap_fixed_16_6_5_3_0_13u_config26_U0        |dense_array_ap_fixed_4u_array_ap_fixed_16_6_5_3_0_13u_config26_s        |        0|      1|    730|   1612|    0|
    |dense_array_ap_fixed_7u_array_ap_fixed_16_6_5_3_0_2u_config18_U0         |dense_array_ap_fixed_7u_array_ap_fixed_16_6_5_3_0_2u_config18_s         |        1|      1|  16337|   9733|    0|
    |linear_array_array_ap_fixed_16_6_5_3_0_13u_linear_config27_U0            |linear_array_array_ap_fixed_16_6_5_3_0_13u_linear_config27_s            |        0|      0|      3|    258|    0|
    |linear_array_array_ap_fixed_16_6_5_3_0_29u_linear_config31_U0            |linear_array_array_ap_fixed_16_6_5_3_0_29u_linear_config31_s            |        0|      0|      3|    546|    0|
    |linear_array_array_ap_fixed_16_6_5_3_0_2u_linear_config19_U0             |linear_array_array_ap_fixed_16_6_5_3_0_2u_linear_config19_s             |        0|      0|      3|     60|    0|
    |linear_array_array_ap_fixed_16_6_5_3_0_4u_linear_config23_U0             |linear_array_array_ap_fixed_16_6_5_3_0_4u_linear_config23_s             |        0|      0|      3|     96|    0|
    |normalize_array_ap_fixed_13u_array_ap_fixed_8_2_5_3_0_13u_config35_U0    |normalize_array_ap_fixed_13u_array_ap_fixed_8_2_5_3_0_13u_config35_s    |        0|      0|    108|    333|    0|
    |normalize_array_ap_fixed_29u_array_ap_fixed_8_2_5_3_0_29u_config36_U0    |normalize_array_ap_fixed_29u_array_ap_fixed_8_2_5_3_0_29u_config36_s    |        0|      0|    236|    921|    0|
    |normalize_array_ap_fixed_2u_array_ap_fixed_8_2_5_3_0_2u_config33_U0      |normalize_array_ap_fixed_2u_array_ap_fixed_8_2_5_3_0_2u_config33_s      |        0|      0|      3|     60|    0|
    |normalize_array_ap_fixed_4u_array_ap_fixed_8_2_5_3_0_4u_config34_U0      |normalize_array_ap_fixed_4u_array_ap_fixed_8_2_5_3_0_4u_config34_s      |        0|      0|      3|     96|    0|
    |normalize_array_ap_ufixed_13u_array_ap_fixed_16_6_5_3_0_13u_config29_U0  |normalize_array_ap_ufixed_13u_array_ap_fixed_16_6_5_3_0_13u_config29_s  |        0|      1|    256|    777|    0|
    |normalize_array_ap_ufixed_2u_array_ap_fixed_16_6_5_3_0_2u_config21_U0    |normalize_array_ap_ufixed_2u_array_ap_fixed_16_6_5_3_0_2u_config21_s    |        0|      1|     61|    186|    0|
    |normalize_array_ap_ufixed_4u_array_ap_fixed_16_6_5_3_0_4u_config25_U0    |normalize_array_ap_ufixed_4u_array_ap_fixed_16_6_5_3_0_4u_config25_s    |        0|      1|     97|    308|    0|
    |pooling2d_cl_array_ap_ufixed_9u_array_ap_fixed_16_6_5_3_0_9u_config8_U0  |pooling2d_cl_array_ap_ufixed_9u_array_ap_fixed_16_6_5_3_0_9u_config8_s  |        0|      0|   1008|   3012|    0|
    |pooling2d_cl_array_array_ap_fixed_16_6_5_3_0_11u_config12_U0             |pooling2d_cl_array_array_ap_fixed_16_6_5_3_0_11u_config12_s             |        0|      0|   1182|   3212|    0|
    |pooling2d_cl_array_array_ap_fixed_16_6_5_3_0_7u_config16_U0              |pooling2d_cl_array_array_ap_fixed_16_6_5_3_0_7u_config16_s              |        0|      0|    828|   2228|    0|
    |relu_array_ap_fixed_11u_array_ap_ufixed_6_0_4_0_0_11u_relu_config11_U0   |relu_array_ap_fixed_11u_array_ap_ufixed_6_0_4_0_0_11u_relu_config11_s   |        0|      0|     86|   1201|    0|
    |relu_array_ap_fixed_12u_array_ap_ufixed_6_0_4_0_0_12u_relu_config4_U0    |relu_array_ap_fixed_12u_array_ap_ufixed_6_0_4_0_0_12u_relu_config4_s    |        0|      0|     94|   1302|    0|
    |relu_array_ap_fixed_13u_array_ap_ufixed_6_0_4_0_0_13u_relu_config28_U0   |relu_array_ap_fixed_13u_array_ap_ufixed_6_0_4_0_0_13u_relu_config28_s   |        0|      0|     82|   1315|    0|
    |relu_array_ap_fixed_2u_array_ap_ufixed_6_0_4_0_0_2u_relu_config20_U0     |relu_array_ap_fixed_2u_array_ap_ufixed_6_0_4_0_0_2u_relu_config20_s     |        0|      0|     16|    226|    0|
    |relu_array_ap_fixed_4u_array_ap_ufixed_6_0_4_0_0_4u_relu_config24_U0     |relu_array_ap_fixed_4u_array_ap_ufixed_6_0_4_0_0_4u_relu_config24_s     |        0|      0|     28|    424|    0|
    |relu_array_ap_fixed_7u_array_ap_ufixed_6_0_4_0_0_7u_relu_config15_U0     |relu_array_ap_fixed_7u_array_ap_ufixed_6_0_4_0_0_7u_relu_config15_s     |        0|      0|     60|    801|    0|
    |relu_array_ap_fixed_9u_array_ap_ufixed_6_0_4_0_0_9u_relu_config7_U0      |relu_array_ap_fixed_9u_array_ap_ufixed_6_0_4_0_0_9u_relu_config7_s      |        0|      0|     76|   1005|    0|
    |softmax_array_array_ap_fixed_16_6_5_3_0_29u_softmax_config32_U0          |softmax_array_array_ap_fixed_16_6_5_3_0_29u_softmax_config32_s          |        2|      1|   3986|   8794|    0|
    +-------------------------------------------------------------------------+------------------------------------------------------------------------+---------+-------+-------+-------+-----+
    |Total                                                                    |                                                                        |       11|     11|  42989|  65606|    0|
    +-------------------------------------------------------------------------+------------------------------------------------------------------------+---------+-------+-------+-------+-----+

    * DSP48E: 
    N/A

    * Memory: 
    N/A

    * FIFO: 
    +---------------------------+---------+----+----+-----+------+-----+---------+
    |            Name           | BRAM_18K| FF | LUT| URAM| Depth| Bits| Size:D*B|
    +---------------------------+---------+----+----+-----+------+-----+---------+
    |layer11_out_V_data_0_V_U   |        1|  26|   0|    -|   100|    6|      600|
    |layer11_out_V_data_10_V_U  |        1|  26|   0|    -|   100|    6|      600|
    |layer11_out_V_data_1_V_U   |        1|  26|   0|    -|   100|    6|      600|
    |layer11_out_V_data_2_V_U   |        1|  26|   0|    -|   100|    6|      600|
    |layer11_out_V_data_3_V_U   |        1|  26|   0|    -|   100|    6|      600|
    |layer11_out_V_data_4_V_U   |        1|  26|   0|    -|   100|    6|      600|
    |layer11_out_V_data_5_V_U   |        1|  26|   0|    -|   100|    6|      600|
    |layer11_out_V_data_6_V_U   |        1|  26|   0|    -|   100|    6|      600|
    |layer11_out_V_data_7_V_U   |        1|  26|   0|    -|   100|    6|      600|
    |layer11_out_V_data_8_V_U   |        1|  26|   0|    -|   100|    6|      600|
    |layer11_out_V_data_9_V_U   |        1|  26|   0|    -|   100|    6|      600|
    |layer12_out_V_data_0_V_U   |        1|  36|   0|    -|   100|   16|     1600|
    |layer12_out_V_data_10_V_U  |        1|  36|   0|    -|   100|   16|     1600|
    |layer12_out_V_data_1_V_U   |        1|  36|   0|    -|   100|   16|     1600|
    |layer12_out_V_data_2_V_U   |        1|  36|   0|    -|   100|   16|     1600|
    |layer12_out_V_data_3_V_U   |        1|  36|   0|    -|   100|   16|     1600|
    |layer12_out_V_data_4_V_U   |        1|  36|   0|    -|   100|   16|     1600|
    |layer12_out_V_data_5_V_U   |        1|  36|   0|    -|   100|   16|     1600|
    |layer12_out_V_data_6_V_U   |        1|  36|   0|    -|   100|   16|     1600|
    |layer12_out_V_data_7_V_U   |        1|  36|   0|    -|   100|   16|     1600|
    |layer12_out_V_data_8_V_U   |        1|  36|   0|    -|   100|   16|     1600|
    |layer12_out_V_data_9_V_U   |        1|  36|   0|    -|   100|   16|     1600|
    |layer13_out_V_data_0_V_U   |        1|  36|   0|    -|   100|   16|     1600|
    |layer13_out_V_data_1_V_U   |        1|  36|   0|    -|   100|   16|     1600|
    |layer13_out_V_data_2_V_U   |        1|  36|   0|    -|   100|   16|     1600|
    |layer13_out_V_data_3_V_U   |        1|  36|   0|    -|   100|   16|     1600|
    |layer13_out_V_data_4_V_U   |        1|  36|   0|    -|   100|   16|     1600|
    |layer13_out_V_data_5_V_U   |        1|  36|   0|    -|   100|   16|     1600|
    |layer13_out_V_data_6_V_U   |        1|  36|   0|    -|   100|   16|     1600|
    |layer15_out_V_data_0_V_U   |        1|  26|   0|    -|   100|    6|      600|
    |layer15_out_V_data_1_V_U   |        1|  26|   0|    -|   100|    6|      600|
    |layer15_out_V_data_2_V_U   |        1|  26|   0|    -|   100|    6|      600|
    |layer15_out_V_data_3_V_U   |        1|  26|   0|    -|   100|    6|      600|
    |layer15_out_V_data_4_V_U   |        1|  26|   0|    -|   100|    6|      600|
    |layer15_out_V_data_5_V_U   |        1|  26|   0|    -|   100|    6|      600|
    |layer15_out_V_data_6_V_U   |        1|  26|   0|    -|   100|    6|      600|
    |layer16_out_V_data_0_V_U   |        1|  36|   0|    -|   100|   16|     1600|
    |layer16_out_V_data_1_V_U   |        1|  36|   0|    -|   100|   16|     1600|
    |layer16_out_V_data_2_V_U   |        1|  36|   0|    -|   100|   16|     1600|
    |layer16_out_V_data_3_V_U   |        1|  36|   0|    -|   100|   16|     1600|
    |layer16_out_V_data_4_V_U   |        1|  36|   0|    -|   100|   16|     1600|
    |layer16_out_V_data_5_V_U   |        1|  36|   0|    -|   100|   16|     1600|
    |layer16_out_V_data_6_V_U   |        1|  36|   0|    -|   100|   16|     1600|
    |layer18_out_V_data_0_V_U   |        1|  36|   0|    -|   100|   16|     1600|
    |layer18_out_V_data_1_V_U   |        1|  36|   0|    -|   100|   16|     1600|
    |layer19_out_V_data_0_V_U   |        1|  36|   0|    -|   100|   16|     1600|
    |layer19_out_V_data_1_V_U   |        1|  36|   0|    -|   100|   16|     1600|
    |layer20_out_V_data_0_V_U   |        1|  26|   0|    -|   100|    6|      600|
    |layer20_out_V_data_1_V_U   |        1|  26|   0|    -|   100|    6|      600|
    |layer21_out_V_data_0_V_U   |        1|  36|   0|    -|   100|   16|     1600|
    |layer21_out_V_data_1_V_U   |        1|  36|   0|    -|   100|   16|     1600|
    |layer22_out_V_data_0_V_U   |        1|  36|   0|    -|   100|   16|     1600|
    |layer22_out_V_data_1_V_U   |        1|  36|   0|    -|   100|   16|     1600|
    |layer22_out_V_data_2_V_U   |        1|  36|   0|    -|   100|   16|     1600|
    |layer22_out_V_data_3_V_U   |        1|  36|   0|    -|   100|   16|     1600|
    |layer23_out_V_data_0_V_U   |        1|  36|   0|    -|   100|   16|     1600|
    |layer23_out_V_data_1_V_U   |        1|  36|   0|    -|   100|   16|     1600|
    |layer23_out_V_data_2_V_U   |        1|  36|   0|    -|   100|   16|     1600|
    |layer23_out_V_data_3_V_U   |        1|  36|   0|    -|   100|   16|     1600|
    |layer24_out_V_data_0_V_U   |        1|  26|   0|    -|   100|    6|      600|
    |layer24_out_V_data_1_V_U   |        1|  26|   0|    -|   100|    6|      600|
    |layer24_out_V_data_2_V_U   |        1|  26|   0|    -|   100|    6|      600|
    |layer24_out_V_data_3_V_U   |        1|  26|   0|    -|   100|    6|      600|
    |layer25_out_V_data_0_V_U   |        1|  36|   0|    -|   100|   16|     1600|
    |layer25_out_V_data_1_V_U   |        1|  36|   0|    -|   100|   16|     1600|
    |layer25_out_V_data_2_V_U   |        1|  36|   0|    -|   100|   16|     1600|
    |layer25_out_V_data_3_V_U   |        1|  36|   0|    -|   100|   16|     1600|
    |layer26_out_V_data_0_V_U   |        1|  36|   0|    -|   100|   16|     1600|
    |layer26_out_V_data_10_V_U  |        1|  36|   0|    -|   100|   16|     1600|
    |layer26_out_V_data_11_V_U  |        1|  36|   0|    -|   100|   16|     1600|
    |layer26_out_V_data_12_V_U  |        1|  36|   0|    -|   100|   16|     1600|
    |layer26_out_V_data_1_V_U   |        1|  36|   0|    -|   100|   16|     1600|
    |layer26_out_V_data_2_V_U   |        1|  36|   0|    -|   100|   16|     1600|
    |layer26_out_V_data_3_V_U   |        1|  36|   0|    -|   100|   16|     1600|
    |layer26_out_V_data_4_V_U   |        1|  36|   0|    -|   100|   16|     1600|
    |layer26_out_V_data_5_V_U   |        1|  36|   0|    -|   100|   16|     1600|
    |layer26_out_V_data_6_V_U   |        1|  36|   0|    -|   100|   16|     1600|
    |layer26_out_V_data_7_V_U   |        1|  36|   0|    -|   100|   16|     1600|
    |layer26_out_V_data_8_V_U   |        1|  36|   0|    -|   100|   16|     1600|
    |layer26_out_V_data_9_V_U   |        1|  36|   0|    -|   100|   16|     1600|
    |layer27_out_V_data_0_V_U   |        1|  36|   0|    -|   100|   16|     1600|
    |layer27_out_V_data_10_V_U  |        1|  36|   0|    -|   100|   16|     1600|
    |layer27_out_V_data_11_V_U  |        1|  36|   0|    -|   100|   16|     1600|
    |layer27_out_V_data_12_V_U  |        1|  36|   0|    -|   100|   16|     1600|
    |layer27_out_V_data_1_V_U   |        1|  36|   0|    -|   100|   16|     1600|
    |layer27_out_V_data_2_V_U   |        1|  36|   0|    -|   100|   16|     1600|
    |layer27_out_V_data_3_V_U   |        1|  36|   0|    -|   100|   16|     1600|
    |layer27_out_V_data_4_V_U   |        1|  36|   0|    -|   100|   16|     1600|
    |layer27_out_V_data_5_V_U   |        1|  36|   0|    -|   100|   16|     1600|
    |layer27_out_V_data_6_V_U   |        1|  36|   0|    -|   100|   16|     1600|
    |layer27_out_V_data_7_V_U   |        1|  36|   0|    -|   100|   16|     1600|
    |layer27_out_V_data_8_V_U   |        1|  36|   0|    -|   100|   16|     1600|
    |layer27_out_V_data_9_V_U   |        1|  36|   0|    -|   100|   16|     1600|
    |layer28_out_V_data_0_V_U   |        1|  26|   0|    -|   100|    6|      600|
    |layer28_out_V_data_10_V_U  |        1|  26|   0|    -|   100|    6|      600|
    |layer28_out_V_data_11_V_U  |        1|  26|   0|    -|   100|    6|      600|
    |layer28_out_V_data_12_V_U  |        1|  26|   0|    -|   100|    6|      600|
    |layer28_out_V_data_1_V_U   |        1|  26|   0|    -|   100|    6|      600|
    |layer28_out_V_data_2_V_U   |        1|  26|   0|    -|   100|    6|      600|
    |layer28_out_V_data_3_V_U   |        1|  26|   0|    -|   100|    6|      600|
    |layer28_out_V_data_4_V_U   |        1|  26|   0|    -|   100|    6|      600|
    |layer28_out_V_data_5_V_U   |        1|  26|   0|    -|   100|    6|      600|
    |layer28_out_V_data_6_V_U   |        1|  26|   0|    -|   100|    6|      600|
    |layer28_out_V_data_7_V_U   |        1|  26|   0|    -|   100|    6|      600|
    |layer28_out_V_data_8_V_U   |        1|  26|   0|    -|   100|    6|      600|
    |layer28_out_V_data_9_V_U   |        1|  26|   0|    -|   100|    6|      600|
    |layer29_out_V_data_0_V_U   |        1|  36|   0|    -|   100|   16|     1600|
    |layer29_out_V_data_10_V_U  |        1|  36|   0|    -|   100|   16|     1600|
    |layer29_out_V_data_11_V_U  |        1|  36|   0|    -|   100|   16|     1600|
    |layer29_out_V_data_12_V_U  |        1|  36|   0|    -|   100|   16|     1600|
    |layer29_out_V_data_1_V_U   |        1|  36|   0|    -|   100|   16|     1600|
    |layer29_out_V_data_2_V_U   |        1|  36|   0|    -|   100|   16|     1600|
    |layer29_out_V_data_3_V_U   |        1|  36|   0|    -|   100|   16|     1600|
    |layer29_out_V_data_4_V_U   |        1|  36|   0|    -|   100|   16|     1600|
    |layer29_out_V_data_5_V_U   |        1|  36|   0|    -|   100|   16|     1600|
    |layer29_out_V_data_6_V_U   |        1|  36|   0|    -|   100|   16|     1600|
    |layer29_out_V_data_7_V_U   |        1|  36|   0|    -|   100|   16|     1600|
    |layer29_out_V_data_8_V_U   |        1|  36|   0|    -|   100|   16|     1600|
    |layer29_out_V_data_9_V_U   |        1|  36|   0|    -|   100|   16|     1600|
    |layer2_out_V_data_0_V_U    |        1|  36|   0|    -|   100|   16|     1600|
    |layer2_out_V_data_10_V_U   |        1|  36|   0|    -|   100|   16|     1600|
    |layer2_out_V_data_11_V_U   |        1|  36|   0|    -|   100|   16|     1600|
    |layer2_out_V_data_1_V_U    |        1|  36|   0|    -|   100|   16|     1600|
    |layer2_out_V_data_2_V_U    |        1|  36|   0|    -|   100|   16|     1600|
    |layer2_out_V_data_3_V_U    |        1|  36|   0|    -|   100|   16|     1600|
    |layer2_out_V_data_4_V_U    |        1|  36|   0|    -|   100|   16|     1600|
    |layer2_out_V_data_5_V_U    |        1|  36|   0|    -|   100|   16|     1600|
    |layer2_out_V_data_6_V_U    |        1|  36|   0|    -|   100|   16|     1600|
    |layer2_out_V_data_7_V_U    |        1|  36|   0|    -|   100|   16|     1600|
    |layer2_out_V_data_8_V_U    |        1|  36|   0|    -|   100|   16|     1600|
    |layer2_out_V_data_9_V_U    |        1|  36|   0|    -|   100|   16|     1600|
    |layer30_out_V_data_0_V_U   |        1|  36|   0|    -|   100|   16|     1600|
    |layer30_out_V_data_10_V_U  |        1|  36|   0|    -|   100|   16|     1600|
    |layer30_out_V_data_11_V_U  |        1|  36|   0|    -|   100|   16|     1600|
    |layer30_out_V_data_12_V_U  |        1|  36|   0|    -|   100|   16|     1600|
    |layer30_out_V_data_13_V_U  |        1|  36|   0|    -|   100|   16|     1600|
    |layer30_out_V_data_14_V_U  |        1|  36|   0|    -|   100|   16|     1600|
    |layer30_out_V_data_15_V_U  |        1|  36|   0|    -|   100|   16|     1600|
    |layer30_out_V_data_16_V_U  |        1|  36|   0|    -|   100|   16|     1600|
    |layer30_out_V_data_17_V_U  |        1|  36|   0|    -|   100|   16|     1600|
    |layer30_out_V_data_18_V_U  |        1|  36|   0|    -|   100|   16|     1600|
    |layer30_out_V_data_19_V_U  |        1|  36|   0|    -|   100|   16|     1600|
    |layer30_out_V_data_1_V_U   |        1|  36|   0|    -|   100|   16|     1600|
    |layer30_out_V_data_20_V_U  |        1|  36|   0|    -|   100|   16|     1600|
    |layer30_out_V_data_21_V_U  |        1|  36|   0|    -|   100|   16|     1600|
    |layer30_out_V_data_22_V_U  |        1|  36|   0|    -|   100|   16|     1600|
    |layer30_out_V_data_23_V_U  |        1|  36|   0|    -|   100|   16|     1600|
    |layer30_out_V_data_24_V_U  |        1|  36|   0|    -|   100|   16|     1600|
    |layer30_out_V_data_25_V_U  |        1|  36|   0|    -|   100|   16|     1600|
    |layer30_out_V_data_26_V_U  |        1|  36|   0|    -|   100|   16|     1600|
    |layer30_out_V_data_27_V_U  |        1|  36|   0|    -|   100|   16|     1600|
    |layer30_out_V_data_28_V_U  |        1|  36|   0|    -|   100|   16|     1600|
    |layer30_out_V_data_2_V_U   |        1|  36|   0|    -|   100|   16|     1600|
    |layer30_out_V_data_3_V_U   |        1|  36|   0|    -|   100|   16|     1600|
    |layer30_out_V_data_4_V_U   |        1|  36|   0|    -|   100|   16|     1600|
    |layer30_out_V_data_5_V_U   |        1|  36|   0|    -|   100|   16|     1600|
    |layer30_out_V_data_6_V_U   |        1|  36|   0|    -|   100|   16|     1600|
    |layer30_out_V_data_7_V_U   |        1|  36|   0|    -|   100|   16|     1600|
    |layer30_out_V_data_8_V_U   |        1|  36|   0|    -|   100|   16|     1600|
    |layer30_out_V_data_9_V_U   |        1|  36|   0|    -|   100|   16|     1600|
    |layer31_out_V_data_0_V_U   |        1|  36|   0|    -|   100|   16|     1600|
    |layer31_out_V_data_10_V_U  |        1|  36|   0|    -|   100|   16|     1600|
    |layer31_out_V_data_11_V_U  |        1|  36|   0|    -|   100|   16|     1600|
    |layer31_out_V_data_12_V_U  |        1|  36|   0|    -|   100|   16|     1600|
    |layer31_out_V_data_13_V_U  |        1|  36|   0|    -|   100|   16|     1600|
    |layer31_out_V_data_14_V_U  |        1|  36|   0|    -|   100|   16|     1600|
    |layer31_out_V_data_15_V_U  |        1|  36|   0|    -|   100|   16|     1600|
    |layer31_out_V_data_16_V_U  |        1|  36|   0|    -|   100|   16|     1600|
    |layer31_out_V_data_17_V_U  |        1|  36|   0|    -|   100|   16|     1600|
    |layer31_out_V_data_18_V_U  |        1|  36|   0|    -|   100|   16|     1600|
    |layer31_out_V_data_19_V_U  |        1|  36|   0|    -|   100|   16|     1600|
    |layer31_out_V_data_1_V_U   |        1|  36|   0|    -|   100|   16|     1600|
    |layer31_out_V_data_20_V_U  |        1|  36|   0|    -|   100|   16|     1600|
    |layer31_out_V_data_21_V_U  |        1|  36|   0|    -|   100|   16|     1600|
    |layer31_out_V_data_22_V_U  |        1|  36|   0|    -|   100|   16|     1600|
    |layer31_out_V_data_23_V_U  |        1|  36|   0|    -|   100|   16|     1600|
    |layer31_out_V_data_24_V_U  |        1|  36|   0|    -|   100|   16|     1600|
    |layer31_out_V_data_25_V_U  |        1|  36|   0|    -|   100|   16|     1600|
    |layer31_out_V_data_26_V_U  |        1|  36|   0|    -|   100|   16|     1600|
    |layer31_out_V_data_27_V_U  |        1|  36|   0|    -|   100|   16|     1600|
    |layer31_out_V_data_28_V_U  |        1|  36|   0|    -|   100|   16|     1600|
    |layer31_out_V_data_2_V_U   |        1|  36|   0|    -|   100|   16|     1600|
    |layer31_out_V_data_3_V_U   |        1|  36|   0|    -|   100|   16|     1600|
    |layer31_out_V_data_4_V_U   |        1|  36|   0|    -|   100|   16|     1600|
    |layer31_out_V_data_5_V_U   |        1|  36|   0|    -|   100|   16|     1600|
    |layer31_out_V_data_6_V_U   |        1|  36|   0|    -|   100|   16|     1600|
    |layer31_out_V_data_7_V_U   |        1|  36|   0|    -|   100|   16|     1600|
    |layer31_out_V_data_8_V_U   |        1|  36|   0|    -|   100|   16|     1600|
    |layer31_out_V_data_9_V_U   |        1|  36|   0|    -|   100|   16|     1600|
    |layer33_out_V_data_0_V_U   |        1|  28|   0|    -|   100|    8|      800|
    |layer33_out_V_data_1_V_U   |        1|  28|   0|    -|   100|    8|      800|
    |layer34_out_V_data_0_V_U   |        1|  28|   0|    -|   100|    8|      800|
    |layer34_out_V_data_1_V_U   |        1|  28|   0|    -|   100|    8|      800|
    |layer34_out_V_data_2_V_U   |        1|  28|   0|    -|   100|    8|      800|
    |layer34_out_V_data_3_V_U   |        1|  28|   0|    -|   100|    8|      800|
    |layer35_out_V_data_0_V_U   |        1|  28|   0|    -|   100|    8|      800|
    |layer35_out_V_data_10_V_U  |        1|  28|   0|    -|   100|    8|      800|
    |layer35_out_V_data_11_V_U  |        1|  28|   0|    -|   100|    8|      800|
    |layer35_out_V_data_12_V_U  |        1|  28|   0|    -|   100|    8|      800|
    |layer35_out_V_data_1_V_U   |        1|  28|   0|    -|   100|    8|      800|
    |layer35_out_V_data_2_V_U   |        1|  28|   0|    -|   100|    8|      800|
    |layer35_out_V_data_3_V_U   |        1|  28|   0|    -|   100|    8|      800|
    |layer35_out_V_data_4_V_U   |        1|  28|   0|    -|   100|    8|      800|
    |layer35_out_V_data_5_V_U   |        1|  28|   0|    -|   100|    8|      800|
    |layer35_out_V_data_6_V_U   |        1|  28|   0|    -|   100|    8|      800|
    |layer35_out_V_data_7_V_U   |        1|  28|   0|    -|   100|    8|      800|
    |layer35_out_V_data_8_V_U   |        1|  28|   0|    -|   100|    8|      800|
    |layer35_out_V_data_9_V_U   |        1|  28|   0|    -|   100|    8|      800|
    |layer36_out_V_data_0_V_U   |        1|  28|   0|    -|   100|    8|      800|
    |layer36_out_V_data_10_V_U  |        1|  28|   0|    -|   100|    8|      800|
    |layer36_out_V_data_11_V_U  |        1|  28|   0|    -|   100|    8|      800|
    |layer36_out_V_data_12_V_U  |        1|  28|   0|    -|   100|    8|      800|
    |layer36_out_V_data_13_V_U  |        1|  28|   0|    -|   100|    8|      800|
    |layer36_out_V_data_14_V_U  |        1|  28|   0|    -|   100|    8|      800|
    |layer36_out_V_data_15_V_U  |        1|  28|   0|    -|   100|    8|      800|
    |layer36_out_V_data_16_V_U  |        1|  28|   0|    -|   100|    8|      800|
    |layer36_out_V_data_17_V_U  |        1|  28|   0|    -|   100|    8|      800|
    |layer36_out_V_data_18_V_U  |        1|  28|   0|    -|   100|    8|      800|
    |layer36_out_V_data_19_V_U  |        1|  28|   0|    -|   100|    8|      800|
    |layer36_out_V_data_1_V_U   |        1|  28|   0|    -|   100|    8|      800|
    |layer36_out_V_data_20_V_U  |        1|  28|   0|    -|   100|    8|      800|
    |layer36_out_V_data_21_V_U  |        1|  28|   0|    -|   100|    8|      800|
    |layer36_out_V_data_22_V_U  |        1|  28|   0|    -|   100|    8|      800|
    |layer36_out_V_data_23_V_U  |        1|  28|   0|    -|   100|    8|      800|
    |layer36_out_V_data_24_V_U  |        1|  28|   0|    -|   100|    8|      800|
    |layer36_out_V_data_25_V_U  |        1|  28|   0|    -|   100|    8|      800|
    |layer36_out_V_data_26_V_U  |        1|  28|   0|    -|   100|    8|      800|
    |layer36_out_V_data_27_V_U  |        1|  28|   0|    -|   100|    8|      800|
    |layer36_out_V_data_28_V_U  |        1|  28|   0|    -|   100|    8|      800|
    |layer36_out_V_data_2_V_U   |        1|  28|   0|    -|   100|    8|      800|
    |layer36_out_V_data_3_V_U   |        1|  28|   0|    -|   100|    8|      800|
    |layer36_out_V_data_4_V_U   |        1|  28|   0|    -|   100|    8|      800|
    |layer36_out_V_data_5_V_U   |        1|  28|   0|    -|   100|    8|      800|
    |layer36_out_V_data_6_V_U   |        1|  28|   0|    -|   100|    8|      800|
    |layer36_out_V_data_7_V_U   |        1|  28|   0|    -|   100|    8|      800|
    |layer36_out_V_data_8_V_U   |        1|  28|   0|    -|   100|    8|      800|
    |layer36_out_V_data_9_V_U   |        1|  28|   0|    -|   100|    8|      800|
    |layer4_out_V_data_0_V_U    |        1|  26|   0|    -|   100|    6|      600|
    |layer4_out_V_data_10_V_U   |        1|  26|   0|    -|   100|    6|      600|
    |layer4_out_V_data_11_V_U   |        1|  26|   0|    -|   100|    6|      600|
    |layer4_out_V_data_1_V_U    |        1|  26|   0|    -|   100|    6|      600|
    |layer4_out_V_data_2_V_U    |        1|  26|   0|    -|   100|    6|      600|
    |layer4_out_V_data_3_V_U    |        1|  26|   0|    -|   100|    6|      600|
    |layer4_out_V_data_4_V_U    |        1|  26|   0|    -|   100|    6|      600|
    |layer4_out_V_data_5_V_U    |        1|  26|   0|    -|   100|    6|      600|
    |layer4_out_V_data_6_V_U    |        1|  26|   0|    -|   100|    6|      600|
    |layer4_out_V_data_7_V_U    |        1|  26|   0|    -|   100|    6|      600|
    |layer4_out_V_data_8_V_U    |        1|  26|   0|    -|   100|    6|      600|
    |layer4_out_V_data_9_V_U    |        1|  26|   0|    -|   100|    6|      600|
    |layer5_out_V_data_0_V_U    |        1|  36|   0|    -|   100|   16|     1600|
    |layer5_out_V_data_1_V_U    |        1|  36|   0|    -|   100|   16|     1600|
    |layer5_out_V_data_2_V_U    |        1|  36|   0|    -|   100|   16|     1600|
    |layer5_out_V_data_3_V_U    |        1|  36|   0|    -|   100|   16|     1600|
    |layer5_out_V_data_4_V_U    |        1|  36|   0|    -|   100|   16|     1600|
    |layer5_out_V_data_5_V_U    |        1|  36|   0|    -|   100|   16|     1600|
    |layer5_out_V_data_6_V_U    |        1|  36|   0|    -|   100|   16|     1600|
    |layer5_out_V_data_7_V_U    |        1|  36|   0|    -|   100|   16|     1600|
    |layer5_out_V_data_8_V_U    |        1|  36|   0|    -|   100|   16|     1600|
    |layer7_out_V_data_0_V_U    |        1|  26|   0|    -|   100|    6|      600|
    |layer7_out_V_data_1_V_U    |        1|  26|   0|    -|   100|    6|      600|
    |layer7_out_V_data_2_V_U    |        1|  26|   0|    -|   100|    6|      600|
    |layer7_out_V_data_3_V_U    |        1|  26|   0|    -|   100|    6|      600|
    |layer7_out_V_data_4_V_U    |        1|  26|   0|    -|   100|    6|      600|
    |layer7_out_V_data_5_V_U    |        1|  26|   0|    -|   100|    6|      600|
    |layer7_out_V_data_6_V_U    |        1|  26|   0|    -|   100|    6|      600|
    |layer7_out_V_data_7_V_U    |        1|  26|   0|    -|   100|    6|      600|
    |layer7_out_V_data_8_V_U    |        1|  26|   0|    -|   100|    6|      600|
    |layer8_out_V_data_0_V_U    |        1|  36|   0|    -|   100|   16|     1600|
    |layer8_out_V_data_1_V_U    |        1|  36|   0|    -|   100|   16|     1600|
    |layer8_out_V_data_2_V_U    |        1|  36|   0|    -|   100|   16|     1600|
    |layer8_out_V_data_3_V_U    |        1|  36|   0|    -|   100|   16|     1600|
    |layer8_out_V_data_4_V_U    |        1|  36|   0|    -|   100|   16|     1600|
    |layer8_out_V_data_5_V_U    |        1|  36|   0|    -|   100|   16|     1600|
    |layer8_out_V_data_6_V_U    |        1|  36|   0|    -|   100|   16|     1600|
    |layer8_out_V_data_7_V_U    |        1|  36|   0|    -|   100|   16|     1600|
    |layer8_out_V_data_8_V_U    |        1|  36|   0|    -|   100|   16|     1600|
    |layer9_out_V_data_0_V_U    |        1|  36|   0|    -|   100|   16|     1600|
    |layer9_out_V_data_10_V_U   |        1|  36|   0|    -|   100|   16|     1600|
    |layer9_out_V_data_1_V_U    |        1|  36|   0|    -|   100|   16|     1600|
    |layer9_out_V_data_2_V_U    |        1|  36|   0|    -|   100|   16|     1600|
    |layer9_out_V_data_3_V_U    |        1|  36|   0|    -|   100|   16|     1600|
    |layer9_out_V_data_4_V_U    |        1|  36|   0|    -|   100|   16|     1600|
    |layer9_out_V_data_5_V_U    |        1|  36|   0|    -|   100|   16|     1600|
    |layer9_out_V_data_6_V_U    |        1|  36|   0|    -|   100|   16|     1600|
    |layer9_out_V_data_7_V_U    |        1|  36|   0|    -|   100|   16|     1600|
    |layer9_out_V_data_8_V_U    |        1|  36|   0|    -|   100|   16|     1600|
    |layer9_out_V_data_9_V_U    |        1|  36|   0|    -|   100|   16|     1600|
    +---------------------------+---------+----+----+-----+------+-----+---------+
    |Total                      |      287|9368|   0|    0| 28700| 3628|   362800|
    +---------------------------+---------+----+----+-----+------+-----+---------+

    * Expression: 
    +--------------+----------+-------+---+----+------------+------------+
    | Variable Name| Operation| DSP48E| FF| LUT| Bitwidth P0| Bitwidth P1|
    +--------------+----------+-------+---+----+------------+------------+
    |ap_idle       |    and   |      0|  0|   2|           1|           1|
    +--------------+----------+-------+---+----+------------+------------+
    |Total         |          |      0|  0|   2|           1|           1|
    +--------------+----------+-------+---+----+------------+------------+

    * Multiplexer: 
    N/A

    * Register: 
    N/A



================================================================
== Interface
================================================================
* Summary: 
+--------------------------------+-----+-----+------------+-------------------------+--------------+
|            RTL Ports           | Dir | Bits|  Protocol  |      Source Object      |    C Type    |
+--------------------------------+-----+-----+------------+-------------------------+--------------+
|input_3_V_data_0_V_TDATA        |  in |   16|    axis    |    input_3_V_data_0_V   |    pointer   |
|input_3_V_data_0_V_TVALID       |  in |    1|    axis    |    input_3_V_data_0_V   |    pointer   |
|input_3_V_data_0_V_TREADY       | out |    1|    axis    |    input_3_V_data_0_V   |    pointer   |
|input_3_V_data_1_V_TDATA        |  in |   16|    axis    |    input_3_V_data_1_V   |    pointer   |
|input_3_V_data_1_V_TVALID       |  in |    1|    axis    |    input_3_V_data_1_V   |    pointer   |
|input_3_V_data_1_V_TREADY       | out |    1|    axis    |    input_3_V_data_1_V   |    pointer   |
|input_3_V_data_2_V_TDATA        |  in |   16|    axis    |    input_3_V_data_2_V   |    pointer   |
|input_3_V_data_2_V_TVALID       |  in |    1|    axis    |    input_3_V_data_2_V   |    pointer   |
|input_3_V_data_2_V_TREADY       | out |    1|    axis    |    input_3_V_data_2_V   |    pointer   |
|layer32_out_V_data_0_V_TDATA    | out |   16|    axis    |  layer32_out_V_data_0_V |    pointer   |
|layer32_out_V_data_0_V_TVALID   | out |    1|    axis    |  layer32_out_V_data_0_V |    pointer   |
|layer32_out_V_data_0_V_TREADY   |  in |    1|    axis    |  layer32_out_V_data_0_V |    pointer   |
|layer32_out_V_data_1_V_TDATA    | out |   16|    axis    |  layer32_out_V_data_1_V |    pointer   |
|layer32_out_V_data_1_V_TVALID   | out |    1|    axis    |  layer32_out_V_data_1_V |    pointer   |
|layer32_out_V_data_1_V_TREADY   |  in |    1|    axis    |  layer32_out_V_data_1_V |    pointer   |
|layer32_out_V_data_2_V_TDATA    | out |   16|    axis    |  layer32_out_V_data_2_V |    pointer   |
|layer32_out_V_data_2_V_TVALID   | out |    1|    axis    |  layer32_out_V_data_2_V |    pointer   |
|layer32_out_V_data_2_V_TREADY   |  in |    1|    axis    |  layer32_out_V_data_2_V |    pointer   |
|layer32_out_V_data_3_V_TDATA    | out |   16|    axis    |  layer32_out_V_data_3_V |    pointer   |
|layer32_out_V_data_3_V_TVALID   | out |    1|    axis    |  layer32_out_V_data_3_V |    pointer   |
|layer32_out_V_data_3_V_TREADY   |  in |    1|    axis    |  layer32_out_V_data_3_V |    pointer   |
|layer32_out_V_data_4_V_TDATA    | out |   16|    axis    |  layer32_out_V_data_4_V |    pointer   |
|layer32_out_V_data_4_V_TVALID   | out |    1|    axis    |  layer32_out_V_data_4_V |    pointer   |
|layer32_out_V_data_4_V_TREADY   |  in |    1|    axis    |  layer32_out_V_data_4_V |    pointer   |
|layer32_out_V_data_5_V_TDATA    | out |   16|    axis    |  layer32_out_V_data_5_V |    pointer   |
|layer32_out_V_data_5_V_TVALID   | out |    1|    axis    |  layer32_out_V_data_5_V |    pointer   |
|layer32_out_V_data_5_V_TREADY   |  in |    1|    axis    |  layer32_out_V_data_5_V |    pointer   |
|layer32_out_V_data_6_V_TDATA    | out |   16|    axis    |  layer32_out_V_data_6_V |    pointer   |
|layer32_out_V_data_6_V_TVALID   | out |    1|    axis    |  layer32_out_V_data_6_V |    pointer   |
|layer32_out_V_data_6_V_TREADY   |  in |    1|    axis    |  layer32_out_V_data_6_V |    pointer   |
|layer32_out_V_data_7_V_TDATA    | out |   16|    axis    |  layer32_out_V_data_7_V |    pointer   |
|layer32_out_V_data_7_V_TVALID   | out |    1|    axis    |  layer32_out_V_data_7_V |    pointer   |
|layer32_out_V_data_7_V_TREADY   |  in |    1|    axis    |  layer32_out_V_data_7_V |    pointer   |
|layer32_out_V_data_8_V_TDATA    | out |   16|    axis    |  layer32_out_V_data_8_V |    pointer   |
|layer32_out_V_data_8_V_TVALID   | out |    1|    axis    |  layer32_out_V_data_8_V |    pointer   |
|layer32_out_V_data_8_V_TREADY   |  in |    1|    axis    |  layer32_out_V_data_8_V |    pointer   |
|layer32_out_V_data_9_V_TDATA    | out |   16|    axis    |  layer32_out_V_data_9_V |    pointer   |
|layer32_out_V_data_9_V_TVALID   | out |    1|    axis    |  layer32_out_V_data_9_V |    pointer   |
|layer32_out_V_data_9_V_TREADY   |  in |    1|    axis    |  layer32_out_V_data_9_V |    pointer   |
|layer32_out_V_data_10_V_TDATA   | out |   16|    axis    | layer32_out_V_data_10_V |    pointer   |
|layer32_out_V_data_10_V_TVALID  | out |    1|    axis    | layer32_out_V_data_10_V |    pointer   |
|layer32_out_V_data_10_V_TREADY  |  in |    1|    axis    | layer32_out_V_data_10_V |    pointer   |
|layer32_out_V_data_11_V_TDATA   | out |   16|    axis    | layer32_out_V_data_11_V |    pointer   |
|layer32_out_V_data_11_V_TVALID  | out |    1|    axis    | layer32_out_V_data_11_V |    pointer   |
|layer32_out_V_data_11_V_TREADY  |  in |    1|    axis    | layer32_out_V_data_11_V |    pointer   |
|layer32_out_V_data_12_V_TDATA   | out |   16|    axis    | layer32_out_V_data_12_V |    pointer   |
|layer32_out_V_data_12_V_TVALID  | out |    1|    axis    | layer32_out_V_data_12_V |    pointer   |
|layer32_out_V_data_12_V_TREADY  |  in |    1|    axis    | layer32_out_V_data_12_V |    pointer   |
|layer32_out_V_data_13_V_TDATA   | out |   16|    axis    | layer32_out_V_data_13_V |    pointer   |
|layer32_out_V_data_13_V_TVALID  | out |    1|    axis    | layer32_out_V_data_13_V |    pointer   |
|layer32_out_V_data_13_V_TREADY  |  in |    1|    axis    | layer32_out_V_data_13_V |    pointer   |
|layer32_out_V_data_14_V_TDATA   | out |   16|    axis    | layer32_out_V_data_14_V |    pointer   |
|layer32_out_V_data_14_V_TVALID  | out |    1|    axis    | layer32_out_V_data_14_V |    pointer   |
|layer32_out_V_data_14_V_TREADY  |  in |    1|    axis    | layer32_out_V_data_14_V |    pointer   |
|layer32_out_V_data_15_V_TDATA   | out |   16|    axis    | layer32_out_V_data_15_V |    pointer   |
|layer32_out_V_data_15_V_TVALID  | out |    1|    axis    | layer32_out_V_data_15_V |    pointer   |
|layer32_out_V_data_15_V_TREADY  |  in |    1|    axis    | layer32_out_V_data_15_V |    pointer   |
|layer32_out_V_data_16_V_TDATA   | out |   16|    axis    | layer32_out_V_data_16_V |    pointer   |
|layer32_out_V_data_16_V_TVALID  | out |    1|    axis    | layer32_out_V_data_16_V |    pointer   |
|layer32_out_V_data_16_V_TREADY  |  in |    1|    axis    | layer32_out_V_data_16_V |    pointer   |
|layer32_out_V_data_17_V_TDATA   | out |   16|    axis    | layer32_out_V_data_17_V |    pointer   |
|layer32_out_V_data_17_V_TVALID  | out |    1|    axis    | layer32_out_V_data_17_V |    pointer   |
|layer32_out_V_data_17_V_TREADY  |  in |    1|    axis    | layer32_out_V_data_17_V |    pointer   |
|layer32_out_V_data_18_V_TDATA   | out |   16|    axis    | layer32_out_V_data_18_V |    pointer   |
|layer32_out_V_data_18_V_TVALID  | out |    1|    axis    | layer32_out_V_data_18_V |    pointer   |
|layer32_out_V_data_18_V_TREADY  |  in |    1|    axis    | layer32_out_V_data_18_V |    pointer   |
|layer32_out_V_data_19_V_TDATA   | out |   16|    axis    | layer32_out_V_data_19_V |    pointer   |
|layer32_out_V_data_19_V_TVALID  | out |    1|    axis    | layer32_out_V_data_19_V |    pointer   |
|layer32_out_V_data_19_V_TREADY  |  in |    1|    axis    | layer32_out_V_data_19_V |    pointer   |
|layer32_out_V_data_20_V_TDATA   | out |   16|    axis    | layer32_out_V_data_20_V |    pointer   |
|layer32_out_V_data_20_V_TVALID  | out |    1|    axis    | layer32_out_V_data_20_V |    pointer   |
|layer32_out_V_data_20_V_TREADY  |  in |    1|    axis    | layer32_out_V_data_20_V |    pointer   |
|layer32_out_V_data_21_V_TDATA   | out |   16|    axis    | layer32_out_V_data_21_V |    pointer   |
|layer32_out_V_data_21_V_TVALID  | out |    1|    axis    | layer32_out_V_data_21_V |    pointer   |
|layer32_out_V_data_21_V_TREADY  |  in |    1|    axis    | layer32_out_V_data_21_V |    pointer   |
|layer32_out_V_data_22_V_TDATA   | out |   16|    axis    | layer32_out_V_data_22_V |    pointer   |
|layer32_out_V_data_22_V_TVALID  | out |    1|    axis    | layer32_out_V_data_22_V |    pointer   |
|layer32_out_V_data_22_V_TREADY  |  in |    1|    axis    | layer32_out_V_data_22_V |    pointer   |
|layer32_out_V_data_23_V_TDATA   | out |   16|    axis    | layer32_out_V_data_23_V |    pointer   |
|layer32_out_V_data_23_V_TVALID  | out |    1|    axis    | layer32_out_V_data_23_V |    pointer   |
|layer32_out_V_data_23_V_TREADY  |  in |    1|    axis    | layer32_out_V_data_23_V |    pointer   |
|layer32_out_V_data_24_V_TDATA   | out |   16|    axis    | layer32_out_V_data_24_V |    pointer   |
|layer32_out_V_data_24_V_TVALID  | out |    1|    axis    | layer32_out_V_data_24_V |    pointer   |
|layer32_out_V_data_24_V_TREADY  |  in |    1|    axis    | layer32_out_V_data_24_V |    pointer   |
|layer32_out_V_data_25_V_TDATA   | out |   16|    axis    | layer32_out_V_data_25_V |    pointer   |
|layer32_out_V_data_25_V_TVALID  | out |    1|    axis    | layer32_out_V_data_25_V |    pointer   |
|layer32_out_V_data_25_V_TREADY  |  in |    1|    axis    | layer32_out_V_data_25_V |    pointer   |
|layer32_out_V_data_26_V_TDATA   | out |   16|    axis    | layer32_out_V_data_26_V |    pointer   |
|layer32_out_V_data_26_V_TVALID  | out |    1|    axis    | layer32_out_V_data_26_V |    pointer   |
|layer32_out_V_data_26_V_TREADY  |  in |    1|    axis    | layer32_out_V_data_26_V |    pointer   |
|layer32_out_V_data_27_V_TDATA   | out |   16|    axis    | layer32_out_V_data_27_V |    pointer   |
|layer32_out_V_data_27_V_TVALID  | out |    1|    axis    | layer32_out_V_data_27_V |    pointer   |
|layer32_out_V_data_27_V_TREADY  |  in |    1|    axis    | layer32_out_V_data_27_V |    pointer   |
|layer32_out_V_data_28_V_TDATA   | out |   16|    axis    | layer32_out_V_data_28_V |    pointer   |
|layer32_out_V_data_28_V_TVALID  | out |    1|    axis    | layer32_out_V_data_28_V |    pointer   |
|layer32_out_V_data_28_V_TREADY  |  in |    1|    axis    | layer32_out_V_data_28_V |    pointer   |
|ap_clk                          |  in |    1| ap_ctrl_hs |        myproject        | return value |
|ap_rst_n                        |  in |    1| ap_ctrl_hs |        myproject        | return value |
|ap_start                        |  in |    1| ap_ctrl_hs |        myproject        | return value |
|ap_done                         | out |    1| ap_ctrl_hs |        myproject        | return value |
|ap_ready                        | out |    1| ap_ctrl_hs |        myproject        | return value |
|ap_idle                         | out |    1| ap_ctrl_hs |        myproject        | return value |
+--------------------------------+-----+-----+------------+-------------------------+--------------+

